57

C C C C C 
C P P C C 
C P P P C 
P P P P C 
P P P P C 
